Loading db file '/student/home/lib/osu_stdcells/lib/tsmc018/lib/osu018_stdcells.db'
Information: Propagating switching activity (low effort zero delay simulation). (PWR-6)
Warning: Design has unannotated primary inputs. (PWR-414)
Warning: Design has unannotated sequential cell outputs. (PWR-415)
 
****************************************
Report : power
        -analysis_effort low
Design : rv32i
Version: U-2022.12
Date   : Mon Jul 31 05:13:59 2023
****************************************


Library(s) Used:

    osu018_stdcells (File: /student/home/lib/osu_stdcells/lib/tsmc018/lib/osu018_stdcells.db)


Operating Conditions: typical   Library: osu018_stdcells
Wire Load Model Mode: top


Global Operating Voltage = 1.8  
Power-specific unit information :
    Voltage Units = 1V
    Capacitance Units = 1.000000pf
    Time Units = 1ns
    Dynamic Power Units = 1mW    (derived from V,C,T units)
    Leakage Power Units = 1nW


Attributes
----------
i - Including register clock pin internal power


  Cell Internal Power  =  38.6596 mW   (91%)
  Net Switching Power  =   3.9189 mW    (9%)
                         ---------
Total Dynamic Power    =  42.5786 mW  (100%)

Cell Leakage Power     = 825.5233 nW


                 Internal         Switching           Leakage            Total
Power Group      Power            Power               Power              Power   (   %    )  Attrs
--------------------------------------------------------------------------------------------------
io_pad             0.0000            0.0000            0.0000            0.0000  (   0.00%)
memory             0.0000            0.0000            0.0000            0.0000  (   0.00%)
black_box          0.0000            0.0000            0.0000            0.0000  (   0.00%)
clock_network     35.2037            0.0000            0.0000           35.2037  (  82.68%)  i
register           0.8036            0.2635          288.2795            1.0672  (   2.51%)
sequential         0.0000            0.0000            0.0000            0.0000  (   0.00%)
combinational      2.6524            3.6555          537.2438            6.3085  (  14.82%)
--------------------------------------------------------------------------------------------------
Total             38.6597 mW         3.9190 mW       825.5233 nW        42.5794 mW
1
